// Jest Snapshot v1, https://goo.gl/fbAQLP

exports[`FileRepository non-lifecycle seed seeding should seed an empty Uint8Array 1`] = `"magnet:?xt=urn:btih:cf117d0f40dfe297f779602fe3a11d004b5509cf&dn=data&tr=wss%3A%2F%2Ftracker.btorrent.xyz&tr=wss%3A%2F%2Ftracker.openwebtorrent.com&tr=udp%3A%2F%2Ftracker.leechers-paradise.org%3A6969&tr=udp%3A%2F%2Ftracker.coppersurfer.tk%3A6969&tr=udp%3A%2F%2Ftracker.opentrackr.org%3A1337&tr=udp%3A%2F%2Fexplodie.org%3A6969&tr=udp%3A%2F%2Ftracker.empire-js.us%3A1337"`;
