// Jest Snapshot v1, https://goo.gl/fbAQLP

exports[`NetworkInterface non-lifecycle getImports positive should get the correct exports 1`] = `
Object {
  "imports": Object {
    "unisockets_accept": [Function],
    "unisockets_bind": [Function],
    "unisockets_connect": [Function],
    "unisockets_listen": [Function],
    "unisockets_recv": [Function],
    "unisockets_send": [Function],
    "unisockets_socket": [Function],
  },
  "memoryId": null,
}
`;
